{
  "method": "flow/prepareDocumentPaste",
  "result": {
    "imports": [
      {
        "remoteName": "bar",
        "localName": "barType",
        "importType": "ImportNamedTypeOf",
        "importSource": "<PLACEHOLDER_PROJECT_URL>/__fixtures__/import_source.js",
        "importSourceIsResolved": true
      }
    ]
  }
}
