{
  "method": "textDocument/codeAction",
  "result": [
    {
      "title": "Add 2 missing properties to object pattern",
      "kind": "quickfix",
      "diagnostics": [],
      "edit": {
        "changes": {
          "<PLACEHOLDER_PROJECT_URL>/fix-match-non-exhaustive-object-pattern-rest-and-only-props.js": [
            {
              "range": {
                "start": {
                  "line": 5,
                  "character": 2
                },
                "end": {
                  "line": 5,
                  "character": 4
                }
              },
              "newText": "{bar: _, foo: _}"
            }
          ]
        }
      },
      "command": {
        "title": "",
        "command": "log:org.flow:<PLACEHOLDER_PROJECT_URL>",
        "arguments": [
          "textDocument/codeAction",
          "fix_match_non_exhaustive_object_pattern_add_props",
          "Add 2 missing properties to object pattern"
        ]
      }
    },
    {
      "title": "Add rest `...` to object pattern",
      "kind": "quickfix",
      "diagnostics": [],
      "edit": {
        "changes": {
          "<PLACEHOLDER_PROJECT_URL>/fix-match-non-exhaustive-object-pattern-rest-and-only-props.js": [
            {
              "range": {
                "start": {
                  "line": 5,
                  "character": 2
                },
                "end": {
                  "line": 5,
                  "character": 4
                }
              },
              "newText": "{...}"
            }
          ]
        }
      },
      "command": {
        "title": "",
        "command": "log:org.flow:<PLACEHOLDER_PROJECT_URL>",
        "arguments": [
          "textDocument/codeAction",
          "fix_match_non_exhaustive_object_pattern_add_rest",
          "Add rest `...` to object pattern"
        ]
      }
    }
  ]
}
