{
  "method": "textDocument/codeAction",
  "result": [
    {
      "title": "Add 7 missing cases to make `match` exhaustively checked",
      "kind": "quickfix",
      "diagnostics": [],
      "edit": {
        "changes": {
          "<PLACEHOLDER_PROJECT_URL>/fix-match-not-exhaustive-statement-complex.js": [
            {
              "range": {
                "start": {
                  "line": 4,
                  "character": 0
                },
                "end": {
                  "line": 4,
                  "character": 12
                }
              },
              "newText": "match (x) {\n  null => {}\n  [_, _] => {}\n  [_, ...] => {}\n  [...] => {}\n  {bar: _, foo: _} => {}\n  {baz: _, ...} => {}\n  _ => {}\n}"
            }
          ]
        }
      },
      "command": {
        "title": "",
        "command": "log:org.flow:<PLACEHOLDER_PROJECT_URL>",
        "arguments": [
          "textDocument/codeAction",
          "fix_match_not_exhaustive",
          "Add 7 missing cases to make `match` exhaustively checked"
        ]
      }
    }
  ]
}
