{
  "method": "textDocument/codeAction",
  "result": [
    {
      "title": "Add 8 missing cases to make `match` exhaustively checked",
      "kind": "quickfix",
      "diagnostics": [],
      "edit": {
        "changes": {
          "<PLACEHOLDER_PROJECT_URL>/fix-match-not-exhaustive-expression-basic.js": [
            {
              "range": {
                "start": {
                  "line": 6,
                  "character": 10
                },
                "end": {
                  "line": 6,
                  "character": 22
                }
              },
              "newText": "match (x) {\n  true => undefined,\n  \"foo\" => undefined,\n  1 => undefined,\n  99n => undefined,\n  null => undefined,\n  undefined => undefined,\n  E.A => undefined,\n  E.B => undefined,\n}"
            }
          ]
        }
      },
      "command": {
        "title": "",
        "command": "log:org.flow:<PLACEHOLDER_PROJECT_URL>",
        "arguments": [
          "textDocument/codeAction",
          "fix_match_not_exhaustive",
          "Add 8 missing cases to make `match` exhaustively checked"
        ]
      }
    }
  ]
}
