{
  "method": "textDocument/codeAction",
  "result": [
    {
      "title": "Add suggested annotation to the literal",
      "kind": "quickfix",
      "diagnostics": [],
      "edit": {
        "changes": {
          "<PLACEHOLDER_PROJECT_URL>/add-annotation-for-invariant-subtyping-error.js": [
            {
              "range": {
                "start": {
                  "line": 10,
                  "character": 9
                },
                "end": {
                  "line": 10,
                  "character": 9
                }
              },
              "newText": ": B"
            }
          ]
        }
      },
      "command": {
        "title": "",
        "command": "log:org.flow:<PLACEHOLDER_PROJECT_URL>",
        "arguments": [
          "textDocument/codeAction",
          "fix_invariant_subtyping_error_with_annot",
          "Add suggested annotation to the literal"
        ]
      }
    },
    {
      "title": "Make `B` readonly",
      "kind": "quickfix",
      "diagnostics": [],
      "edit": {
        "changes": {
          "<PLACEHOLDER_PROJECT_URL>/add-annotation-for-invariant-subtyping-error.js": [
            {
              "range": {
                "start": {
                  "line": 8,
                  "character": 9
                },
                "end": {
                  "line": 8,
                  "character": 51
                }
              },
              "newText": "$ReadOnly<{ v1: string | number, v2: string | number }>"
            }
          ]
        }
      },
      "command": {
        "title": "",
        "command": "log:org.flow:<PLACEHOLDER_PROJECT_URL>",
        "arguments": [
          "textDocument/codeAction",
          "fix_invariant_subtyping_error_with_readonly_conversion",
          "Make `B` readonly"
        ]
      }
    }
  ]
}
