{
  "method": "textDocument/codeAction",
  "result": [
    {
      "title": "Replace `faceboy` with `facebook`",
      "kind": "quickfix",
      "diagnostics": [],
      "edit": {
        "changes": {
          "<PLACEHOLDER_PROJECT_URL>/prop-missing.js": [
            {
              "range": {
                "start": {
                  "line": 3,
                  "character": 2
                },
                "end": {
                  "line": 3,
                  "character": 9
                }
              },
              "newText": "facebook"
            }
          ]
        }
      },
      "command": {
        "title": "",
        "command": "log:org.flow:<PLACEHOLDER_PROJECT_URL>",
        "arguments": [
          "textDocument/codeAction",
          "replace_prop_typo_at_target",
          "Replace `faceboy` with `facebook`"
        ]
      }
    }
  ]
}
