{
  "method": "textDocument/codeAction",
  "result": [
    {
      "title": "Rewrite object type as an interface",
      "kind": "quickfix",
      "diagnostics": [],
      "edit": {
        "changes": {
          "<PLACEHOLDER_PROJECT_URL>/class-object-subtype.js": [
            {
              "range": {
                "start": {
                  "line": 6,
                  "character": 17
                },
                "end": {
                  "line": 6,
                  "character": 35
                }
              },
              "newText": "interface { x: number }"
            }
          ]
        }
      },
      "command": {
        "title": "",
        "command": "log:org.flow:<PLACEHOLDER_PROJECT_URL>",
        "arguments": [
          "textDocument/codeAction",
          "replace_obj_with_interface",
          "Rewrite object type as an interface"
        ]
      }
    }
  ]
}
