{
  "method": "textDocument/codeAction",
  "result": [
    {
      "title": "Import default from react",
      "kind": "quickfix",
      "diagnostics": [],
      "edit": {
        "changes": {
          "<PLACEHOLDER_PROJECT_URL>/fix-missing-import.js": [
            {
              "range": {
                "start": {
                  "line": 2,
                  "character": 41
                },
                "end": {
                  "line": 2,
                  "character": 41
                }
              },
              "newText": "\n\nimport React from \"react\";"
            }
          ]
        }
      },
      "command": {
        "title": "",
        "command": "log:org.flow:<PLACEHOLDER_PROJECT_URL>",
        "arguments": [
          "textDocument/codeAction",
          "import",
          "Import default from react"
        ]
      }
    }
  ]
}
