{
  "method": "textDocument/codeAction",
  "result": [
    {
      "title": "Refactor `switch` to `match`",
      "kind": "refactor.rewrite",
      "diagnostics": [],
      "edit": {
        "changes": {
          "<PLACEHOLDER_PROJECT_URL>/refactor-switch-to-match-expression-assigned.js": [
            {
              "range": {
                "start": {
                  "line": 5,
                  "character": 0
                },
                "end": {
                  "line": 15,
                  "character": 1
                }
              },
              "newText": "output = match (x) {\n  0 => \"a\",\n  1 | 2 => \"b\",\n  _ => \"c\",\n};"
            }
          ]
        }
      }
    }
  ]
}
