{
  "method": "textDocument/codeAction",
  "result": [
    {
      "title": "Insert inferred render type",
      "kind": "refactor",
      "diagnostics": [],
      "edit": {
        "changes": {
          "<PLACEHOLDER_PROJECT_URL>/insert-render-type.js": [
            {
              "range": {
                "start": {
                  "line": 11,
                  "character": 0
                },
                "end": {
                  "line": 16,
                  "character": 1
                }
              },
              "newText": "component Foo2() renders? Bar {\n  if (true) {\n    return null;\n  }\n  return <Bar />;\n}"
            }
          ]
        }
      }
    }
  ]
}
