{
  "method": "textDocument/codeAction",
  "result": [
    {
      "title": "Make the array readonly",
      "kind": "refactor.rewrite",
      "diagnostics": [],
      "edit": {
        "changes": {
          "<PLACEHOLDER_PROJECT_URL>/array_type.js": [
            {
              "range": {
                "start": {
                  "line": 9,
                  "character": 15
                },
                "end": {
                  "line": 9,
                  "character": 20
                }
              },
              "newText": "$ReadOnlyArray"
            }
          ]
        }
      },
      "command": {
        "title": "",
        "command": "log:org.flow:<PLACEHOLDER_PROJECT_URL>",
        "arguments": [
          "textDocument/codeAction",
          "refactor_rewrite_readonly_conversion",
          "Make the array readonly"
        ]
      }
    }
  ]
}
