{
  "method": "textDocument/prepareRename",
  "result": {
    "start": {
      "line": 30,
      "character": 6
    },
    "end": {
      "line": 30,
      "character": 14
    }
  }
}
